[OrderedDict([('type', '*oops'), ('data', OrderedDict([('i', 'int')]))])]
[]
[OrderedDict([('type', '*oops'), ('data', OrderedDict([('i', 'int')]))])]
