[OrderedDict([('command', 'int'), ('data', OrderedDict([('character', 'str')])), ('returns', OrderedDict([('value', 'int')]))])]
[]
[]
