[OrderedDict([('command', 'oops'), ('data', OrderedDict([('member', 'NoSuchType')]))])]
[]
[]
