[OrderedDict([('command', 'oops'), ('data', OrderedDict([('member', [OrderedDict([('nested', 'str')])])]))])]
[]
[]
