[OrderedDict([('command', 'oops'), ('data', 'int')])]
[]
[]
