[OrderedDict([('command', 'oops'), ('data', 'NoSuchType')])]
[]
[]
