object Base
    member type: T optional=False
object Empty
object Frob
    base Base
    tag type
    case nothing: Empty
enum QType ['none', 'qnull', 'qint', 'qstring', 'qdict', 'qlist', 'qfloat', 'qbool']
    prefix QTYPE
enum T ['nothing']
object q_empty
