[OrderedDict([('command', 'foo'), ('type', 'bar'), ('data', OrderedDict())])]
[]
[OrderedDict([('command', 'foo'), ('type', 'bar'), ('data', OrderedDict())])]
