[OrderedDict([('enum', 'MyEnum'), ('data', ['not^possible'])])]
[{'enum_name': 'MyEnum', 'enum_values': ['not^possible']}]
[]
