[OrderedDict([('enum', 'MyEnum'), ('data', ['one', 'ONE'])])]
[{'enum_name': 'MyEnum', 'enum_values': ['one', 'ONE']}]
[]
