[OrderedDict([('cu006fmmand', 'u0066u006fu006FA'), ('du0061ta', OrderedDict([('u0062u0061u00721', 'u0073u0074u0072')]))])]
[]
[]
