[OrderedDict([('event', 'EVENT_A'), ('data', OrderedDict([('myint', 'int')]))]),
 OrderedDict([('event', 'EVENT_A'), ('data', OrderedDict([('myint', 'int')]))])]
[]
[]
