[OrderedDict([('type', 'size'), ('data', OrderedDict([('myint', 'size')]))])]
[]
[OrderedDict([('type', 'size'), ('data', OrderedDict([('myint', 'size')]))])]
