object :empty
object FooList
    member s: str optional=False
