object :empty
object :obj-oops-arg
    member a: str optional=True
    member has-a: str optional=False
command oops :obj-oops-arg -> None
   gen=True success_response=True
