command guest-get-time None -> int
   gen=True success_response=True
