[OrderedDict([('command', 'oops'), ('returns', ['str', 'str'])])]
[]
[]
