[OrderedDict([('command', 'oops'), ('returns', 'NoSuchType')])]
[]
[]
