object :empty
object Base
object Sub
    base Base
    member base: str optional=False
