[OrderedDict([('type', 'TestTypeA'), ('data', OrderedDict([('string', 'str')]))]),
 OrderedDict([('type', 'TestTypeB'), ('data', OrderedDict([('integer', 'int')]))]),
 OrderedDict([('type', 'Base'), ('data', OrderedDict([('string', 'str')]))]),
 OrderedDict([('union', 'TestUnion'), ('base', 'Base'), ('data', OrderedDict([('value1', 'TestTypeA'), ('value2', 'TestTypeB')]))])]
[{'enum_name': 'TestUnionKind', 'enum_values': None}]
[OrderedDict([('type', 'TestTypeA'), ('data', OrderedDict([('string', 'str')]))]),
 OrderedDict([('type', 'TestTypeB'), ('data', OrderedDict([('integer', 'int')]))]),
 OrderedDict([('type', 'Base'), ('data', OrderedDict([('string', 'str')]))])]
