[OrderedDict([('type', 'bar'), ('data', OrderedDict([('string', 'str')])), ('bogus', OrderedDict())])]
[]
[OrderedDict([('type', 'bar'), ('data', OrderedDict([('string', 'str')])), ('bogus', OrderedDict())])]
