.....................
----------------------------------------------------------------------
Ran 21 tests

OK
