QA output created by 081

== creating quorum files ==
Formatting 'TEST_DIR/1.IMGFMT', fmt=IMGFMT size=10485760 
Formatting 'TEST_DIR/2.IMGFMT', fmt=IMGFMT size=10485760 
Formatting 'TEST_DIR/3.IMGFMT', fmt=IMGFMT size=10485760 

== writing images ==
wrote 10485760/10485760 bytes at offset 0
10 MiB, X ops; XX:XX:XX.X (XXX YYY/sec and XXX ops/sec)

== checking quorum write ==
read 10485760/10485760 bytes at offset 0
10 MiB, X ops; XX:XX:XX.X (XXX YYY/sec and XXX ops/sec)
read 10485760/10485760 bytes at offset 0
10 MiB, X ops; XX:XX:XX.X (XXX YYY/sec and XXX ops/sec)
read 10485760/10485760 bytes at offset 0
10 MiB, X ops; XX:XX:XX.X (XXX YYY/sec and XXX ops/sec)

== corrupting image ==
wrote 10485760/10485760 bytes at offset 0
10 MiB, X ops; XX:XX:XX.X (XXX YYY/sec and XXX ops/sec)

== checking quorum correction ==
read 10485760/10485760 bytes at offset 0
10 MiB, X ops; XX:XX:XX.X (XXX YYY/sec and XXX ops/sec)

== breaking quorum ==
wrote 10485760/10485760 bytes at offset 0
10 MiB, X ops; XX:XX:XX.X (XXX YYY/sec and XXX ops/sec)

== checking that quorum is broken ==
qemu-io: can't open device (null): Could not read image for determining its format: Input/output error
*** done
